<html>
<body>
<pre>
<h1>µVision Build Log</h1>
<h2>Project:</h2>
C:\Users\Ravishankar\Desktop\kbc\KBC_OS_PROJ2\kbc.uvproj
Project File Date:  11/27/2017

<h2>Output:</h2>
Rebuild target 'Target 1'
compiling RTX_Config.c...
assembling Startup.s...
compiling buz1.c...
compiling lcd1.c...
compiling trial.c...
trial.c(28): warning:  #1295-D: Deprecated declaration delay - give arg types
  void delay();
trial.c: 1 warning, 0 errors
linking...
Program Size: Code=15064 RO-data=108 RW-data=280 ZI-data=2256  
FromELF: creating hex file...
"..\..\hex\new.axf" - 0 Error(s), 1 Warning(s).
</pre>
</body>
</html>
Warning(s).
Target not created
gned char"
                lcd(arr);
trial.c(685): error:  #167: argument of type "char *" is incompatible with parameter of type "unsigned char"
                lcd(arr);
trial.c(829): error:  #167: argument of type "char *" is incompatible with parameter of type "unsigned char"
                lcd(arr);
trial.c(969): error:  #167: argument of type "char *" is incompatible with parameter of type "unsigned char"
                lcd(arr);
trial.c: 1 warning, 5 errors
"..\..\hex\new.axf" - 5 Error(s), 1 Warning(s).
Target not created
